PASS /Users/zydon/Sites/MacDown/MacDown/Resources/Themes/Atelier Sulphurpool Light+.style
PASS /Users/zydon/Sites/MacDown/MacDown/Resources/Themes/Atelier Sulphurpool Light.style
PASS /Users/zydon/Sites/MacDown/MacDown/Resources/Themes/Atom Dark+.style
PASS /Users/zydon/Sites/MacDown/MacDown/Resources/Themes/Atom Dark.style
PASS /Users/zydon/Sites/MacDown/MacDown/Resources/Themes/CB+.style
PASS /Users/zydon/Sites/MacDown/MacDown/Resources/Themes/CB.style
PASS /Users/zydon/Sites/MacDown/MacDown/Resources/Themes/Coldark Cold+.style
PASS /Users/zydon/Sites/MacDown/MacDown/Resources/Themes/Coldark Cold.style
PASS /Users/zydon/Sites/MacDown/MacDown/Resources/Themes/Coldark Dark+.style
PASS /Users/zydon/Sites/MacDown/MacDown/Resources/Themes/Coldark Dark.style
PASS /Users/zydon/Sites/MacDown/MacDown/Resources/Themes/Coy without shadows+.style
PASS /Users/zydon/Sites/MacDown/MacDown/Resources/Themes/Coy without shadows.style
PASS /Users/zydon/Sites/MacDown/MacDown/Resources/Themes/Darcula+.style
PASS /Users/zydon/Sites/MacDown/MacDown/Resources/Themes/Darcula.style
PASS /Users/zydon/Sites/MacDown/MacDown/Resources/Themes/Dracula+.style
PASS /Users/zydon/Sites/MacDown/MacDown/Resources/Themes/Dracula.style
PASS /Users/zydon/Sites/MacDown/MacDown/Resources/Themes/Duotone Dark+.style
PASS /Users/zydon/Sites/MacDown/MacDown/Resources/Themes/Duotone Dark.style
PASS /Users/zydon/Sites/MacDown/MacDown/Resources/Themes/Duotone Earth+.style
PASS /Users/zydon/Sites/MacDown/MacDown/Resources/Themes/Duotone Earth.style
PASS /Users/zydon/Sites/MacDown/MacDown/Resources/Themes/Duotone Forest+.style
PASS /Users/zydon/Sites/MacDown/MacDown/Resources/Themes/Duotone Forest.style
PASS /Users/zydon/Sites/MacDown/MacDown/Resources/Themes/Duotone Light+.style
PASS /Users/zydon/Sites/MacDown/MacDown/Resources/Themes/Duotone Light.style
PASS /Users/zydon/Sites/MacDown/MacDown/Resources/Themes/Duotone Sea+.style
PASS /Users/zydon/Sites/MacDown/MacDown/Resources/Themes/Duotone Sea.style
PASS /Users/zydon/Sites/MacDown/MacDown/Resources/Themes/Duotone Space+.style
PASS /Users/zydon/Sites/MacDown/MacDown/Resources/Themes/Duotone Space.style
PASS /Users/zydon/Sites/MacDown/MacDown/Resources/Themes/GHColors+.style
PASS /Users/zydon/Sites/MacDown/MacDown/Resources/Themes/GHColors.style
PASS /Users/zydon/Sites/MacDown/MacDown/Resources/Themes/GitHub Dark Default+.style
PASS /Users/zydon/Sites/MacDown/MacDown/Resources/Themes/GitHub Dark Default.style
PASS /Users/zydon/Sites/MacDown/MacDown/Resources/Themes/Gruvbox Dark+.style
PASS /Users/zydon/Sites/MacDown/MacDown/Resources/Themes/Gruvbox Dark.style
PASS /Users/zydon/Sites/MacDown/MacDown/Resources/Themes/Gruvbox Light+.style
PASS /Users/zydon/Sites/MacDown/MacDown/Resources/Themes/Gruvbox Light.style
PASS /Users/zydon/Sites/MacDown/MacDown/Resources/Themes/Holi Theme+.style
PASS /Users/zydon/Sites/MacDown/MacDown/Resources/Themes/Holi Theme.style
PASS /Users/zydon/Sites/MacDown/MacDown/Resources/Themes/Hopscotch+.style
PASS /Users/zydon/Sites/MacDown/MacDown/Resources/Themes/Hopscotch.style
PASS /Users/zydon/Sites/MacDown/MacDown/Resources/Themes/Laserwave+.style
PASS /Users/zydon/Sites/MacDown/MacDown/Resources/Themes/Laserwave.style
PASS /Users/zydon/Sites/MacDown/MacDown/Resources/Themes/Lucario+.style
PASS /Users/zydon/Sites/MacDown/MacDown/Resources/Themes/Lucario.style
PASS /Users/zydon/Sites/MacDown/MacDown/Resources/Themes/Material Dark+.style
PASS /Users/zydon/Sites/MacDown/MacDown/Resources/Themes/Material Dark.style
PASS /Users/zydon/Sites/MacDown/MacDown/Resources/Themes/Material Light+.style
PASS /Users/zydon/Sites/MacDown/MacDown/Resources/Themes/Material Light.style
PASS /Users/zydon/Sites/MacDown/MacDown/Resources/Themes/Material Oceanic+.style
PASS /Users/zydon/Sites/MacDown/MacDown/Resources/Themes/Material Oceanic.style
PASS /Users/zydon/Sites/MacDown/MacDown/Resources/Themes/Mou Fresh Air+.style
PASS /Users/zydon/Sites/MacDown/MacDown/Resources/Themes/Mou Fresh Air.style
PASS /Users/zydon/Sites/MacDown/MacDown/Resources/Themes/Mou Night+.style
PASS /Users/zydon/Sites/MacDown/MacDown/Resources/Themes/Mou Night.style
PASS /Users/zydon/Sites/MacDown/MacDown/Resources/Themes/Mou Paper+.style
PASS /Users/zydon/Sites/MacDown/MacDown/Resources/Themes/Mou Paper.style
PASS /Users/zydon/Sites/MacDown/MacDown/Resources/Themes/Night Owl+.style
PASS /Users/zydon/Sites/MacDown/MacDown/Resources/Themes/Night Owl.style
PASS /Users/zydon/Sites/MacDown/MacDown/Resources/Themes/Nord+.style
PASS /Users/zydon/Sites/MacDown/MacDown/Resources/Themes/Nord.style
PASS /Users/zydon/Sites/MacDown/MacDown/Resources/Themes/One Dark+.style
PASS /Users/zydon/Sites/MacDown/MacDown/Resources/Themes/One Dark.style
PASS /Users/zydon/Sites/MacDown/MacDown/Resources/Themes/One Light+.style
PASS /Users/zydon/Sites/MacDown/MacDown/Resources/Themes/One Light.style
PASS /Users/zydon/Sites/MacDown/MacDown/Resources/Themes/Pojoaque+.style
PASS /Users/zydon/Sites/MacDown/MacDown/Resources/Themes/Pojoaque.style
PASS /Users/zydon/Sites/MacDown/MacDown/Resources/Themes/Shades of Purple+.style
PASS /Users/zydon/Sites/MacDown/MacDown/Resources/Themes/Shades of Purple.style
PASS /Users/zydon/Sites/MacDown/MacDown/Resources/Themes/Solarized (Dark)+.style
PASS /Users/zydon/Sites/MacDown/MacDown/Resources/Themes/Solarized (Dark).style
PASS /Users/zydon/Sites/MacDown/MacDown/Resources/Themes/Solarized (Light)+.style
PASS /Users/zydon/Sites/MacDown/MacDown/Resources/Themes/Solarized (Light).style
PASS /Users/zydon/Sites/MacDown/MacDown/Resources/Themes/Solarized Dark Atom+.style
PASS /Users/zydon/Sites/MacDown/MacDown/Resources/Themes/Solarized Dark Atom.style
PASS /Users/zydon/Sites/MacDown/MacDown/Resources/Themes/Synthwave 84+.style
PASS /Users/zydon/Sites/MacDown/MacDown/Resources/Themes/Synthwave 84.style
PASS /Users/zydon/Sites/MacDown/MacDown/Resources/Themes/Tomorrow Blue.style
PASS /Users/zydon/Sites/MacDown/MacDown/Resources/Themes/Tomorrow+.style
PASS /Users/zydon/Sites/MacDown/MacDown/Resources/Themes/Tomorrow.style
PASS /Users/zydon/Sites/MacDown/MacDown/Resources/Themes/VS Code Dark Plus+.style
PASS /Users/zydon/Sites/MacDown/MacDown/Resources/Themes/VS Code Dark Plus.style
PASS /Users/zydon/Sites/MacDown/MacDown/Resources/Themes/VS+.style
PASS /Users/zydon/Sites/MacDown/MacDown/Resources/Themes/VS.style
PASS /Users/zydon/Sites/MacDown/MacDown/Resources/Themes/Writer+.style
PASS /Users/zydon/Sites/MacDown/MacDown/Resources/Themes/Writer.style
PASS /Users/zydon/Sites/MacDown/MacDown/Resources/Themes/Xonokai+.style
PASS /Users/zydon/Sites/MacDown/MacDown/Resources/Themes/Xonokai.style
PASS /Users/zydon/Sites/MacDown/MacDown/Resources/Themes/Z-Touch+.style
PASS /Users/zydon/Sites/MacDown/MacDown/Resources/Themes/Z-Touch.style
PASS /Users/zydon/Sites/MacDown/MacDown/Resources/Themes/a11y Dark+.style
PASS /Users/zydon/Sites/MacDown/MacDown/Resources/Themes/a11y Dark.style
