PASS prism-duotone-light.css {"pre":0,"body":0,"text":500,"height":643}
PASS prism-gruvbox-light.css {"pre":0,"body":0,"text":500,"height":567}
PASS prism-a11y-dark.css {"pre":0,"body":0,"text":500,"height":567}
PASS prism-material-dark.css {"pre":0,"body":0,"text":500,"height":709}
PASS prism-material-light.css {"pre":0,"body":0,"text":500,"height":709}
PASS prism-ghcolors.css {"pre":0,"body":0,"text":500,"height":419}
PASS prism-hopscotch.css {"pre":0,"body":0,"text":500,"height":855}
PASS prism-coldark-dark.css {"pre":0,"body":0,"text":500,"height":567}
PASS prism-vsc-dark-plus.css {"pre":0,"body":0,"text":500,"height":566}
PASS prism-solarized-dark-atom.css {"pre":0,"body":0,"text":500,"height":567}
PASS prism-gruvbox-dark.css {"pre":0,"body":0,"text":500,"height":567}
PASS prism-duotone-forest.css {"pre":0,"body":0,"text":500,"height":643}
PASS prism-coy-without-shadows.css {"pre":0,"body":0,"text":500,"height":756}
PASS prism-dracula.css {"pre":0,"body":0,"text":500,"height":567}
PASS prism-xonokai.css {"pre":0,"body":0,"text":500,"height":646}
PASS prism-z-touch.css {"pre":0,"body":0,"text":500,"height":1146}
PASS prism-shades-of-purple.css {"pre":0,"body":0,"text":500,"height":1571}
PASS prism-synthwave84.css {"pre":0,"body":0,"text":500,"height":711}
PASS prism-lucario.css {"pre":0,"body":0,"text":500,"height":567}
PASS prism-holi-theme.css {"pre":0,"body":0,"text":500,"height":711}
PASS prism-atom-dark.css {"pre":0,"body":0,"text":500,"height":567}
PASS prism-material-oceanic.css {"pre":0,"body":0,"text":500,"height":709}
PASS prism-darcula.css {"pre":0,"body":0,"text":500,"height":567}
PASS prism-vs.css {"pre":0,"body":0,"text":500,"height":419}
PASS prism-duotone-space.css {"pre":0,"body":0,"text":500,"height":643}
PASS prism-base16-ateliersulphurpool.light.css {"pre":0,"body":0,"text":500,"height":643}
PASS prism-one-dark.css {"pre":0,"body":0,"text":500,"height":566}
PASS prism-duotone-sea.css {"pre":0,"body":0,"text":500,"height":643}
PASS prism-cb.css {"pre":0,"body":0,"text":500,"height":612}
PASS prism-laserwave.css {"pre":0,"body":0,"text":500,"height":711}
PASS prism-duotone-dark.css {"pre":0,"body":0,"text":500,"height":643}
PASS prism-nord.css {"pre":0,"body":0,"text":500,"height":567}
PASS prism-night-owl.css {"pre":0,"body":0,"text":500,"height":711}
PASS prism-pojoaque.css {"pre":0,"body":0,"text":500,"height":744}
PASS prism-one-light.css {"pre":0,"body":0,"text":500,"height":566}
PASS prism-coldark-cold.css {"pre":0,"body":0,"text":500,"height":567}
PASS prism-duotone-earth.css {"pre":0,"body":0,"text":500,"height":643}
PASS Duotone Dark.css {"pre":0,"body":0,"text":500,"height":576}
PASS GitHub.css {"pre":0,"body":0,"text":500,"height":336}
PASS Hopscotch.css {"pre":0,"body":0,"text":500,"height":576}
PASS Github2 (dark).css {"pre":0,"body":0,"text":500,"height":684}
PASS Gmail.css {"pre":0,"body":0,"text":500,"height":384}
PASS Material Light.css {"pre":0,"body":0,"text":500,"height":576}
PASS Holi Theme.css {"pre":0,"body":0,"text":500,"height":576}
PASS Coldark Cold.css {"pre":0,"body":0,"text":500,"height":576}
PASS Shades of Purple.css {"pre":0,"body":0,"text":500,"height":576}
PASS Duotone Forest.css {"pre":0,"body":0,"text":500,"height":576}
PASS Atelier Sulphurpool Light.css {"pre":0,"body":0,"text":500,"height":576}
PASS Nord.css {"pre":0,"body":0,"text":500,"height":576}
PASS Duotone Light.css {"pre":0,"body":0,"text":500,"height":576}
PASS Solarized (Light).css {"pre":0,"body":0,"text":500,"height":2200}
PASS Gruvbox Light.css {"pre":0,"body":0,"text":500,"height":576}
PASS Night Owl.css {"pre":0,"body":0,"text":500,"height":576}
PASS Coy without shadows.css {"pre":0,"body":0,"text":500,"height":576}
PASS VS Code Dark Plus.css {"pre":0,"body":0,"text":500,"height":576}
PASS Darcula.css {"pre":0,"body":0,"text":500,"height":576}
PASS Pojoaque.css {"pre":0,"body":0,"text":500,"height":576}
PASS Lucario.css {"pre":0,"body":0,"text":500,"height":576}
PASS Atom Dark.css {"pre":0,"body":0,"text":500,"height":576}
PASS GitHub2.css {"pre":0,"body":0,"text":500,"height":612}
PASS Z-Touch.css {"pre":0,"body":0,"text":500,"height":576}
PASS Google Docs.css {"pre":0,"body":0,"text":500,"height":576}
PASS Dracula.css {"pre":0,"body":0,"text":500,"height":576}
PASS Gruvbox Dark.css {"pre":0,"body":0,"text":500,"height":576}
PASS Xonokai.css {"pre":0,"body":0,"text":500,"height":576}
PASS VS.css {"pre":0,"body":0,"text":500,"height":576}
PASS Coldark Dark.css {"pre":0,"body":0,"text":500,"height":576}
PASS GHColors.css {"pre":0,"body":0,"text":500,"height":576}
PASS One Light.css {"pre":0,"body":0,"text":500,"height":576}
PASS CB.css {"pre":0,"body":0,"text":500,"height":576}
PASS GitHub-2020.css {"pre":0,"body":0,"text":500,"height":418}
PASS Duotone Sea.css {"pre":0,"body":0,"text":500,"height":576}
PASS Clearness.css {"pre":0,"body":0,"text":500,"height":300}
PASS Duotone Earth.css {"pre":0,"body":0,"text":500,"height":576}
PASS Material Oceanic.css {"pre":0,"body":0,"text":500,"height":576}
PASS Solarized (Dark).css {"pre":0,"body":0,"text":500,"height":2200}
PASS GitHub Tomorrow.css {"pre":0,"body":0,"text":500,"height":684}
PASS Synthwave 84.css {"pre":0,"body":0,"text":500,"height":576}
PASS Solarized Dark Atom.css {"pre":0,"body":0,"text":500,"height":576}
PASS Laserwave.css {"pre":0,"body":0,"text":500,"height":576}
PASS a11y Dark.css {"pre":0,"body":0,"text":500,"height":576}
PASS One Dark.css {"pre":0,"body":0,"text":500,"height":576}
PASS Duotone Space.css {"pre":0,"body":0,"text":500,"height":576}
PASS Clearness Dark.css {"pre":0,"body":0,"text":500,"height":300}
PASS Material Dark.css {"pre":0,"body":0,"text":500,"height":576}
cases=85 failures=0
