PASS Duotone Dark.css H1 font=30.00 line=37.50
PASS Duotone Dark.css H2 font=22.50 line=28.12
PASS Duotone Dark.css H3 font=18.75 line=23.44
PASS Duotone Dark.css H4 font=15.00 line=18.75
PASS Duotone Dark.css H5 font=13.12 line=16.41
PASS Duotone Dark.css H6 font=12.75 line=15.94
PASS GitHub.css H1 font=22.68 line=28.35
PASS GitHub.css H2 font=20.01 line=25.01
PASS GitHub.css H3 font=15.61 line=19.51
PASS GitHub.css H4 font=13.34 line=16.67
PASS GitHub.css H5 font=11.07 line=13.84
PASS GitHub.css H6 font=8.94 line=11.17
PASS Hopscotch.css H1 font=30.00 line=37.50
PASS Hopscotch.css H2 font=22.50 line=28.12
PASS Hopscotch.css H3 font=18.75 line=23.44
PASS Hopscotch.css H4 font=15.00 line=18.75
PASS Hopscotch.css H5 font=13.12 line=16.41
PASS Hopscotch.css H6 font=12.75 line=15.94
PASS Github2 (dark).css H1 font=32.00 line=51.20
PASS Github2 (dark).css H2 font=24.00 line=38.40
PASS Github2 (dark).css H3 font=20.00 line=32.00
PASS Github2 (dark).css H4 font=16.00 line=25.60
PASS Github2 (dark).css H5 font=14.00 line=22.40
PASS Github2 (dark).css H6 font=13.60 line=21.76
PASS Gmail.css H1 font=24.00 line=36.00
PASS Gmail.css H2 font=18.67 line=28.00
PASS Gmail.css H3 font=16.00 line=24.00
PASS Gmail.css H4 font=13.33 line=20.00
PASS Gmail.css H5 font=13.33 line=20.00
PASS Gmail.css H6 font=13.33 line=20.00
PASS Material Light.css H1 font=30.00 line=37.50
PASS Material Light.css H2 font=22.50 line=28.12
PASS Material Light.css H3 font=18.75 line=23.44
PASS Material Light.css H4 font=15.00 line=18.75
PASS Material Light.css H5 font=13.12 line=16.41
PASS Material Light.css H6 font=12.75 line=15.94
PASS Holi Theme.css H1 font=30.00 line=37.50
PASS Holi Theme.css H2 font=22.50 line=28.12
PASS Holi Theme.css H3 font=18.75 line=23.44
PASS Holi Theme.css H4 font=15.00 line=18.75
PASS Holi Theme.css H5 font=13.12 line=16.41
PASS Holi Theme.css H6 font=12.75 line=15.94
PASS Coldark Cold.css H1 font=30.00 line=37.50
PASS Coldark Cold.css H2 font=22.50 line=28.12
PASS Coldark Cold.css H3 font=18.75 line=23.44
PASS Coldark Cold.css H4 font=15.00 line=18.75
PASS Coldark Cold.css H5 font=13.12 line=16.41
PASS Coldark Cold.css H6 font=12.75 line=15.94
PASS Shades of Purple.css H1 font=30.00 line=37.50
PASS Shades of Purple.css H2 font=22.50 line=28.12
PASS Shades of Purple.css H3 font=18.75 line=23.44
PASS Shades of Purple.css H4 font=15.00 line=18.75
PASS Shades of Purple.css H5 font=13.12 line=16.41
PASS Shades of Purple.css H6 font=12.75 line=15.94
PASS Duotone Forest.css H1 font=30.00 line=37.50
PASS Duotone Forest.css H2 font=22.50 line=28.12
PASS Duotone Forest.css H3 font=18.75 line=23.44
PASS Duotone Forest.css H4 font=15.00 line=18.75
PASS Duotone Forest.css H5 font=13.12 line=16.41
PASS Duotone Forest.css H6 font=12.75 line=15.94
PASS Atelier Sulphurpool Light.css H1 font=30.00 line=37.50
PASS Atelier Sulphurpool Light.css H2 font=22.50 line=28.12
PASS Atelier Sulphurpool Light.css H3 font=18.75 line=23.44
PASS Atelier Sulphurpool Light.css H4 font=15.00 line=18.75
PASS Atelier Sulphurpool Light.css H5 font=13.12 line=16.41
PASS Atelier Sulphurpool Light.css H6 font=12.75 line=15.94
PASS Nord.css H1 font=30.00 line=37.50
PASS Nord.css H2 font=22.50 line=28.12
PASS Nord.css H3 font=18.75 line=23.44
PASS Nord.css H4 font=15.00 line=18.75
PASS Nord.css H5 font=13.12 line=16.41
PASS Nord.css H6 font=12.75 line=15.94
PASS Duotone Light.css H1 font=30.00 line=37.50
PASS Duotone Light.css H2 font=22.50 line=28.12
PASS Duotone Light.css H3 font=18.75 line=23.44
PASS Duotone Light.css H4 font=15.00 line=18.75
PASS Duotone Light.css H5 font=13.12 line=16.41
PASS Duotone Light.css H6 font=12.75 line=15.94
PASS Solarized (Light).css H1 font=24.62 line=29.55
PASS Solarized (Light).css H2 font=24.62 line=29.55
PASS Solarized (Light).css H3 font=23.44 line=28.13
PASS Solarized (Light).css H4 font=22.16 line=26.59
PASS Solarized (Light).css H5 font=22.16 line=26.59
PASS Solarized (Light).css H6 font=22.16 line=26.59
PASS Gruvbox Light.css H1 font=30.00 line=37.50
PASS Gruvbox Light.css H2 font=22.50 line=28.12
PASS Gruvbox Light.css H3 font=18.75 line=23.44
PASS Gruvbox Light.css H4 font=15.00 line=18.75
PASS Gruvbox Light.css H5 font=13.12 line=16.41
PASS Gruvbox Light.css H6 font=12.75 line=15.94
PASS Night Owl.css H1 font=30.00 line=37.50
PASS Night Owl.css H2 font=22.50 line=28.12
PASS Night Owl.css H3 font=18.75 line=23.44
PASS Night Owl.css H4 font=15.00 line=18.75
PASS Night Owl.css H5 font=13.12 line=16.41
PASS Night Owl.css H6 font=12.75 line=15.94
PASS Coy without shadows.css H1 font=30.00 line=37.50
PASS Coy without shadows.css H2 font=22.50 line=28.12
PASS Coy without shadows.css H3 font=18.75 line=23.44
PASS Coy without shadows.css H4 font=15.00 line=18.75
PASS Coy without shadows.css H5 font=13.12 line=16.41
PASS Coy without shadows.css H6 font=12.75 line=15.94
PASS VS Code Dark Plus.css H1 font=30.00 line=37.50
PASS VS Code Dark Plus.css H2 font=22.50 line=28.12
PASS VS Code Dark Plus.css H3 font=18.75 line=23.44
PASS VS Code Dark Plus.css H4 font=15.00 line=18.75
PASS VS Code Dark Plus.css H5 font=13.12 line=16.41
PASS VS Code Dark Plus.css H6 font=12.75 line=15.94
PASS Darcula.css H1 font=30.00 line=37.50
PASS Darcula.css H2 font=22.50 line=28.12
PASS Darcula.css H3 font=18.75 line=23.44
PASS Darcula.css H4 font=15.00 line=18.75
PASS Darcula.css H5 font=13.12 line=16.41
PASS Darcula.css H6 font=12.75 line=15.94
PASS Pojoaque.css H1 font=30.00 line=37.50
PASS Pojoaque.css H2 font=22.50 line=28.12
PASS Pojoaque.css H3 font=18.75 line=23.44
PASS Pojoaque.css H4 font=15.00 line=18.75
PASS Pojoaque.css H5 font=13.12 line=16.41
PASS Pojoaque.css H6 font=12.75 line=15.94
PASS Lucario.css H1 font=30.00 line=37.50
PASS Lucario.css H2 font=22.50 line=28.12
PASS Lucario.css H3 font=18.75 line=23.44
PASS Lucario.css H4 font=15.00 line=18.75
PASS Lucario.css H5 font=13.12 line=16.41
PASS Lucario.css H6 font=12.75 line=15.94
PASS Atom Dark.css H1 font=30.00 line=37.50
PASS Atom Dark.css H2 font=22.50 line=28.12
PASS Atom Dark.css H3 font=18.75 line=23.44
PASS Atom Dark.css H4 font=15.00 line=18.75
PASS Atom Dark.css H5 font=13.12 line=16.41
PASS Atom Dark.css H6 font=12.75 line=15.94
PASS GitHub2.css H1 font=28.00 line=44.80
PASS GitHub2.css H2 font=24.00 line=38.40
PASS GitHub2.css H3 font=18.00 line=28.80
PASS GitHub2.css H4 font=16.00 line=25.60
PASS GitHub2.css H5 font=14.00 line=22.40
PASS GitHub2.css H6 font=14.00 line=22.40
PASS Z-Touch.css H1 font=30.00 line=37.50
PASS Z-Touch.css H2 font=22.50 line=28.12
PASS Z-Touch.css H3 font=18.75 line=23.44
PASS Z-Touch.css H4 font=15.00 line=18.75
PASS Z-Touch.css H5 font=13.12 line=16.41
PASS Z-Touch.css H6 font=12.75 line=15.94
PASS Google Docs.css H1 font=26.67 line=30.67
PASS Google Docs.css H2 font=21.33 line=24.53
PASS Google Docs.css H3 font=18.67 line=21.47
PASS Google Docs.css H4 font=16.00 line=18.40
PASS Google Docs.css H5 font=14.67 line=16.87
PASS Google Docs.css H6 font=14.67 line=16.87
PASS Dracula.css H1 font=30.00 line=37.50
PASS Dracula.css H2 font=22.50 line=28.12
PASS Dracula.css H3 font=18.75 line=23.44
PASS Dracula.css H4 font=15.00 line=18.75
PASS Dracula.css H5 font=13.12 line=16.41
PASS Dracula.css H6 font=12.75 line=15.94
PASS Gruvbox Dark.css H1 font=30.00 line=37.50
PASS Gruvbox Dark.css H2 font=22.50 line=28.12
PASS Gruvbox Dark.css H3 font=18.75 line=23.44
PASS Gruvbox Dark.css H4 font=15.00 line=18.75
PASS Gruvbox Dark.css H5 font=13.12 line=16.41
PASS Gruvbox Dark.css H6 font=12.75 line=15.94
PASS Xonokai.css H1 font=30.00 line=37.50
PASS Xonokai.css H2 font=22.50 line=28.12
PASS Xonokai.css H3 font=18.75 line=23.44
PASS Xonokai.css H4 font=15.00 line=18.75
PASS Xonokai.css H5 font=13.12 line=16.41
PASS Xonokai.css H6 font=12.75 line=15.94
PASS VS.css H1 font=30.00 line=37.50
PASS VS.css H2 font=22.50 line=28.12
PASS VS.css H3 font=18.75 line=23.44
PASS VS.css H4 font=15.00 line=18.75
PASS VS.css H5 font=13.12 line=16.41
PASS VS.css H6 font=12.75 line=15.94
PASS Coldark Dark.css H1 font=30.00 line=37.50
PASS Coldark Dark.css H2 font=22.50 line=28.12
PASS Coldark Dark.css H3 font=18.75 line=23.44
PASS Coldark Dark.css H4 font=15.00 line=18.75
PASS Coldark Dark.css H5 font=13.12 line=16.41
PASS Coldark Dark.css H6 font=12.75 line=15.94
PASS GHColors.css H1 font=30.00 line=37.50
PASS GHColors.css H2 font=22.50 line=28.12
PASS GHColors.css H3 font=18.75 line=23.44
PASS GHColors.css H4 font=15.00 line=18.75
PASS GHColors.css H5 font=13.12 line=16.41
PASS GHColors.css H6 font=12.75 line=15.94
PASS One Light.css H1 font=30.00 line=37.50
PASS One Light.css H2 font=22.50 line=28.12
PASS One Light.css H3 font=18.75 line=23.44
PASS One Light.css H4 font=15.00 line=18.75
PASS One Light.css H5 font=13.12 line=16.41
PASS One Light.css H6 font=12.75 line=15.94
PASS CB.css H1 font=30.00 line=37.50
PASS CB.css H2 font=22.50 line=28.12
PASS CB.css H3 font=18.75 line=23.44
PASS CB.css H4 font=15.00 line=18.75
PASS CB.css H5 font=13.12 line=16.41
PASS CB.css H6 font=12.75 line=15.94
PASS GitHub-2020.css H1 font=32.00 line=40.00
PASS GitHub-2020.css H2 font=24.00 line=30.00
PASS GitHub-2020.css H3 font=20.00 line=25.00
PASS GitHub-2020.css H4 font=16.00 line=20.00
PASS GitHub-2020.css H5 font=14.00 line=17.50
PASS GitHub-2020.css H6 font=13.60 line=17.00
PASS Duotone Sea.css H1 font=30.00 line=37.50
PASS Duotone Sea.css H2 font=22.50 line=28.12
PASS Duotone Sea.css H3 font=18.75 line=23.44
PASS Duotone Sea.css H4 font=15.00 line=18.75
PASS Duotone Sea.css H5 font=13.12 line=16.41
PASS Duotone Sea.css H6 font=12.75 line=15.94
PASS Clearness.css H1 font=30.00 line=36.00
PASS Clearness.css H2 font=24.00 line=36.00
PASS Clearness.css H3 font=18.00 line=36.00
PASS Clearness.css H4 font=16.00 line=36.00
PASS Clearness.css H5 font=14.00 line=36.00
PASS Clearness.css H6 font=13.00 line=36.00
PASS Duotone Earth.css H1 font=30.00 line=37.50
PASS Duotone Earth.css H2 font=22.50 line=28.12
PASS Duotone Earth.css H3 font=18.75 line=23.44
PASS Duotone Earth.css H4 font=15.00 line=18.75
PASS Duotone Earth.css H5 font=13.12 line=16.41
PASS Duotone Earth.css H6 font=12.75 line=15.94
PASS Material Oceanic.css H1 font=30.00 line=37.50
PASS Material Oceanic.css H2 font=22.50 line=28.12
PASS Material Oceanic.css H3 font=18.75 line=23.44
PASS Material Oceanic.css H4 font=15.00 line=18.75
PASS Material Oceanic.css H5 font=13.12 line=16.41
PASS Material Oceanic.css H6 font=12.75 line=15.94
PASS Solarized (Dark).css H1 font=24.62 line=29.55
PASS Solarized (Dark).css H2 font=24.62 line=29.55
PASS Solarized (Dark).css H3 font=23.44 line=28.13
PASS Solarized (Dark).css H4 font=22.16 line=26.59
PASS Solarized (Dark).css H5 font=22.16 line=26.59
PASS Solarized (Dark).css H6 font=22.16 line=26.59
PASS GitHub Tomorrow.css H1 font=32.00 line=40.00
PASS GitHub Tomorrow.css H2 font=24.00 line=30.00
PASS GitHub Tomorrow.css H3 font=20.00 line=25.00
PASS GitHub Tomorrow.css H4 font=16.00 line=20.00
PASS GitHub Tomorrow.css H5 font=14.00 line=17.50
PASS GitHub Tomorrow.css H6 font=13.60 line=17.00
PASS Synthwave 84.css H1 font=30.00 line=37.50
PASS Synthwave 84.css H2 font=22.50 line=28.12
PASS Synthwave 84.css H3 font=18.75 line=23.44
PASS Synthwave 84.css H4 font=15.00 line=18.75
PASS Synthwave 84.css H5 font=13.12 line=16.41
PASS Synthwave 84.css H6 font=12.75 line=15.94
PASS Solarized Dark Atom.css H1 font=30.00 line=37.50
PASS Solarized Dark Atom.css H2 font=22.50 line=28.12
PASS Solarized Dark Atom.css H3 font=18.75 line=23.44
PASS Solarized Dark Atom.css H4 font=15.00 line=18.75
PASS Solarized Dark Atom.css H5 font=13.12 line=16.41
PASS Solarized Dark Atom.css H6 font=12.75 line=15.94
PASS Laserwave.css H1 font=30.00 line=37.50
PASS Laserwave.css H2 font=22.50 line=28.12
PASS Laserwave.css H3 font=18.75 line=23.44
PASS Laserwave.css H4 font=15.00 line=18.75
PASS Laserwave.css H5 font=13.12 line=16.41
PASS Laserwave.css H6 font=12.75 line=15.94
PASS a11y Dark.css H1 font=30.00 line=37.50
PASS a11y Dark.css H2 font=22.50 line=28.12
PASS a11y Dark.css H3 font=18.75 line=23.44
PASS a11y Dark.css H4 font=15.00 line=18.75
PASS a11y Dark.css H5 font=13.12 line=16.41
PASS a11y Dark.css H6 font=12.75 line=15.94
PASS One Dark.css H1 font=30.00 line=37.50
PASS One Dark.css H2 font=22.50 line=28.12
PASS One Dark.css H3 font=18.75 line=23.44
PASS One Dark.css H4 font=15.00 line=18.75
PASS One Dark.css H5 font=13.12 line=16.41
PASS One Dark.css H6 font=12.75 line=15.94
PASS Duotone Space.css H1 font=30.00 line=37.50
PASS Duotone Space.css H2 font=22.50 line=28.12
PASS Duotone Space.css H3 font=18.75 line=23.44
PASS Duotone Space.css H4 font=15.00 line=18.75
PASS Duotone Space.css H5 font=13.12 line=16.41
PASS Duotone Space.css H6 font=12.75 line=15.94
PASS Clearness Dark.css H1 font=30.00 line=36.00
PASS Clearness Dark.css H2 font=24.00 line=36.00
PASS Clearness Dark.css H3 font=18.00 line=36.00
PASS Clearness Dark.css H4 font=16.00 line=36.00
PASS Clearness Dark.css H5 font=14.00 line=36.00
PASS Clearness Dark.css H6 font=13.00 line=36.00
PASS Material Dark.css H1 font=30.00 line=37.50
PASS Material Dark.css H2 font=22.50 line=28.12
PASS Material Dark.css H3 font=18.75 line=23.44
PASS Material Dark.css H4 font=15.00 line=18.75
PASS Material Dark.css H5 font=13.12 line=16.41
PASS Material Dark.css H6 font=12.75 line=15.94
styles=48 failures=0
