Faithful diagnostic extract; full log: build/AuditCampaign03/SourceSelectionEvidence/selection-source-red.log
SHA-256 full log: f98f0794f1fbdecc6e90d314194700838c3595155d3fb1c01d1bbcaf14cf1542

Test Case '-[MPFormattingScopeMenuTests testSourceInlineActionsKeepTheChosenWordWithSelectionNotifications]' started.
/Users/zydon/Sites/MacDown/MacDownTests/MPFormattingScopeMenuTests.m:337: error: -[MPFormattingScopeMenuTests testSourceInlineActionsKeepTheChosenWordWithSelectionNotifications] : (([self.editor.string substringWithRange:selected]) equal to (@"test")) failed: ("Bonjour **test** après test
/Users/zydon/Sites/MacDown/MacDownTests/MPFormattingScopeMenuTests.m:344: error: -[MPFormattingScopeMenuTests testSourceInlineActionsKeepTheChosenWordWithSelectionNotifications] : (([self.editor.string substringWithRange:self.editor.selectedRange]) equal to (@"test")) failed: ("**Bonjour test après test**
/Users/zydon/Sites/MacDown/MacDownTests/MPFormattingScopeMenuTests.m:337: error: -[MPFormattingScopeMenuTests testSourceInlineActionsKeepTheChosenWordWithSelectionNotifications] : (([self.editor.string substringWithRange:selected]) equal to (@"test")) failed: ("Bonjour *test* après test
/Users/zydon/Sites/MacDown/MacDownTests/MPFormattingScopeMenuTests.m:344: error: -[MPFormattingScopeMenuTests testSourceInlineActionsKeepTheChosenWordWithSelectionNotifications] : (([self.editor.string substringWithRange:self.editor.selectedRange]) equal to (@"test")) failed: ("*Bonjour test après test*
/Users/zydon/Sites/MacDown/MacDownTests/MPFormattingScopeMenuTests.m:337: error: -[MPFormattingScopeMenuTests testSourceInlineActionsKeepTheChosenWordWithSelectionNotifications] : (([self.editor.string substringWithRange:selected]) equal to (@"test")) failed: ("Bonjour _test_ après test
/Users/zydon/Sites/MacDown/MacDownTests/MPFormattingScopeMenuTests.m:344: error: -[MPFormattingScopeMenuTests testSourceInlineActionsKeepTheChosenWordWithSelectionNotifications] : (([self.editor.string substringWithRange:self.editor.selectedRange]) equal to (@"test")) failed: ("_Bonjour test après test_
/Users/zydon/Sites/MacDown/MacDownTests/MPFormattingScopeMenuTests.m:337: error: -[MPFormattingScopeMenuTests testSourceInlineActionsKeepTheChosenWordWithSelectionNotifications] : (([self.editor.string substringWithRange:selected]) equal to (@"test")) failed: ("Bonjour ~~test~~ après test
/Users/zydon/Sites/MacDown/MacDownTests/MPFormattingScopeMenuTests.m:344: error: -[MPFormattingScopeMenuTests testSourceInlineActionsKeepTheChosenWordWithSelectionNotifications] : (([self.editor.string substringWithRange:self.editor.selectedRange]) equal to (@"test")) failed: ("~~Bonjour test après test~~
/Users/zydon/Sites/MacDown/MacDownTests/MPFormattingScopeMenuTests.m:337: error: -[MPFormattingScopeMenuTests testSourceInlineActionsKeepTheChosenWordWithSelectionNotifications] : (([self.editor.string substringWithRange:selected]) equal to (@"test")) failed: ("Bonjour `test` après test
/Users/zydon/Sites/MacDown/MacDownTests/MPFormattingScopeMenuTests.m:344: error: -[MPFormattingScopeMenuTests testSourceInlineActionsKeepTheChosenWordWithSelectionNotifications] : (([self.editor.string substringWithRange:self.editor.selectedRange]) equal to (@"test")) failed: ("`Bonjour test après test`
/Users/zydon/Sites/MacDown/MacDownTests/MPFormattingScopeMenuTests.m:337: error: -[MPFormattingScopeMenuTests testSourceInlineActionsKeepTheChosenWordWithSelectionNotifications] : (([self.editor.string substringWithRange:selected]) equal to (@"test")) failed: ("Bonjour [test](<https://example.org>) après test
/Users/zydon/Sites/MacDown/MacDownTests/MPFormattingScopeMenuTests.m:337: error: -[MPFormattingScopeMenuTests testSourceInlineActionsKeepTheChosenWordWithSelectionNotifications] : (([self.editor.string substringWithRange:selected]) equal to (@"test")) failed: ("Bonjour test après test
/Users/zydon/Sites/MacDown/MacDownTests/MPFormattingScopeMenuTests.m:337: error: -[MPFormattingScopeMenuTests testSourceInlineActionsKeepTheChosenWordWithSelectionNotifications] : (([self.editor.string substringWithRange:selected]) equal to (@"test")) failed: ("# Bonjour **test** après test
/Users/zydon/Sites/MacDown/MacDownTests/MPFormattingScopeMenuTests.m:344: error: -[MPFormattingScopeMenuTests testSourceInlineActionsKeepTheChosenWordWithSelectionNotifications] : (([self.editor.string substringWithRange:self.editor.selectedRange]) equal to (@"test")) failed: ("# **Bonjour test après test**
/Users/zydon/Sites/MacDown/MacDownTests/MPFormattingScopeMenuTests.m:337: error: -[MPFormattingScopeMenuTests testSourceInlineActionsKeepTheChosenWordWithSelectionNotifications] : (([self.editor.string substringWithRange:selected]) equal to (@"test")) failed: ("# Bonjour *test* après test
/Users/zydon/Sites/MacDown/MacDownTests/MPFormattingScopeMenuTests.m:344: error: -[MPFormattingScopeMenuTests testSourceInlineActionsKeepTheChosenWordWithSelectionNotifications] : (([self.editor.string substringWithRange:self.editor.selectedRange]) equal to (@"test")) failed: ("# *Bonjour test après test*
/Users/zydon/Sites/MacDown/MacDownTests/MPFormattingScopeMenuTests.m:337: error: -[MPFormattingScopeMenuTests testSourceInlineActionsKeepTheChosenWordWithSelectionNotifications] : (([self.editor.string substringWithRange:selected]) equal to (@"test")) failed: ("# Bonjour _test_ après test
/Users/zydon/Sites/MacDown/MacDownTests/MPFormattingScopeMenuTests.m:344: error: -[MPFormattingScopeMenuTests testSourceInlineActionsKeepTheChosenWordWithSelectionNotifications] : (([self.editor.string substringWithRange:self.editor.selectedRange]) equal to (@"test")) failed: ("# _Bonjour test après test_
/Users/zydon/Sites/MacDown/MacDownTests/MPFormattingScopeMenuTests.m:337: error: -[MPFormattingScopeMenuTests testSourceInlineActionsKeepTheChosenWordWithSelectionNotifications] : (([self.editor.string substringWithRange:selected]) equal to (@"test")) failed: ("# Bonjour ~~test~~ après test
/Users/zydon/Sites/MacDown/MacDownTests/MPFormattingScopeMenuTests.m:344: error: -[MPFormattingScopeMenuTests testSourceInlineActionsKeepTheChosenWordWithSelectionNotifications] : (([self.editor.string substringWithRange:self.editor.selectedRange]) equal to (@"test")) failed: ("# ~~Bonjour test après test~~
/Users/zydon/Sites/MacDown/MacDownTests/MPFormattingScopeMenuTests.m:337: error: -[MPFormattingScopeMenuTests testSourceInlineActionsKeepTheChosenWordWithSelectionNotifications] : (([self.editor.string substringWithRange:selected]) equal to (@"test")) failed: ("# Bonjour `test` après test
/Users/zydon/Sites/MacDown/MacDownTests/MPFormattingScopeMenuTests.m:344: error: -[MPFormattingScopeMenuTests testSourceInlineActionsKeepTheChosenWordWithSelectionNotifications] : (([self.editor.string substringWithRange:self.editor.selectedRange]) equal to (@"test")) failed: ("# `Bonjour test après test`
/Users/zydon/Sites/MacDown/MacDownTests/MPFormattingScopeMenuTests.m:337: error: -[MPFormattingScopeMenuTests testSourceInlineActionsKeepTheChosenWordWithSelectionNotifications] : (([self.editor.string substringWithRange:selected]) equal to (@"test")) failed: ("# Bonjour [test](<https://example.org>) après test
/Users/zydon/Sites/MacDown/MacDownTests/MPFormattingScopeMenuTests.m:337: error: -[MPFormattingScopeMenuTests testSourceInlineActionsKeepTheChosenWordWithSelectionNotifications] : (([self.editor.string substringWithRange:selected]) equal to (@"test")) failed: ("# Bonjour test après test
/Users/zydon/Sites/MacDown/MacDownTests/MPFormattingScopeMenuTests.m:337: error: -[MPFormattingScopeMenuTests testSourceInlineActionsKeepTheChosenWordWithSelectionNotifications] : (([self.editor.string substringWithRange:selected]) equal to (@"test")) failed: ("> Bonjour **test** après test
/Users/zydon/Sites/MacDown/MacDownTests/MPFormattingScopeMenuTests.m:344: error: -[MPFormattingScopeMenuTests testSourceInlineActionsKeepTheChosenWordWithSelectionNotifications] : (([self.editor.string substringWithRange:self.editor.selectedRange]) equal to (@"test")) failed: ("> **Bonjour test après test**
/Users/zydon/Sites/MacDown/MacDownTests/MPFormattingScopeMenuTests.m:337: error: -[MPFormattingScopeMenuTests testSourceInlineActionsKeepTheChosenWordWithSelectionNotifications] : (([self.editor.string substringWithRange:selected]) equal to (@"test")) failed: ("> Bonjour *test* après test
/Users/zydon/Sites/MacDown/MacDownTests/MPFormattingScopeMenuTests.m:344: error: -[MPFormattingScopeMenuTests testSourceInlineActionsKeepTheChosenWordWithSelectionNotifications] : (([self.editor.string substringWithRange:self.editor.selectedRange]) equal to (@"test")) failed: ("> *Bonjour test après test*
/Users/zydon/Sites/MacDown/MacDownTests/MPFormattingScopeMenuTests.m:337: error: -[MPFormattingScopeMenuTests testSourceInlineActionsKeepTheChosenWordWithSelectionNotifications] : (([self.editor.string substringWithRange:selected]) equal to (@"test")) failed: ("> Bonjour _test_ après test
/Users/zydon/Sites/MacDown/MacDownTests/MPFormattingScopeMenuTests.m:344: error: -[MPFormattingScopeMenuTests testSourceInlineActionsKeepTheChosenWordWithSelectionNotifications] : (([self.editor.string substringWithRange:self.editor.selectedRange]) equal to (@"test")) failed: ("> _Bonjour test après test_
/Users/zydon/Sites/MacDown/MacDownTests/MPFormattingScopeMenuTests.m:337: error: -[MPFormattingScopeMenuTests testSourceInlineActionsKeepTheChosenWordWithSelectionNotifications] : (([self.editor.string substringWithRange:selected]) equal to (@"test")) failed: ("> Bonjour ~~test~~ après test
/Users/zydon/Sites/MacDown/MacDownTests/MPFormattingScopeMenuTests.m:344: error: -[MPFormattingScopeMenuTests testSourceInlineActionsKeepTheChosenWordWithSelectionNotifications] : (([self.editor.string substringWithRange:self.editor.selectedRange]) equal to (@"test")) failed: ("> ~~Bonjour test après test~~
/Users/zydon/Sites/MacDown/MacDownTests/MPFormattingScopeMenuTests.m:337: error: -[MPFormattingScopeMenuTests testSourceInlineActionsKeepTheChosenWordWithSelectionNotifications] : (([self.editor.string substringWithRange:selected]) equal to (@"test")) failed: ("> Bonjour `test` après test
/Users/zydon/Sites/MacDown/MacDownTests/MPFormattingScopeMenuTests.m:344: error: -[MPFormattingScopeMenuTests testSourceInlineActionsKeepTheChosenWordWithSelectionNotifications] : (([self.editor.string substringWithRange:self.editor.selectedRange]) equal to (@"test")) failed: ("> `Bonjour test après test`
/Users/zydon/Sites/MacDown/MacDownTests/MPFormattingScopeMenuTests.m:337: error: -[MPFormattingScopeMenuTests testSourceInlineActionsKeepTheChosenWordWithSelectionNotifications] : (([self.editor.string substringWithRange:selected]) equal to (@"test")) failed: ("> Bonjour [test](<https://example.org>) après test
/Users/zydon/Sites/MacDown/MacDownTests/MPFormattingScopeMenuTests.m:337: error: -[MPFormattingScopeMenuTests testSourceInlineActionsKeepTheChosenWordWithSelectionNotifications] : (([self.editor.string substringWithRange:selected]) equal to (@"test")) failed: ("> Bonjour test après test
/Users/zydon/Sites/MacDown/MacDownTests/MPFormattingScopeMenuTests.m:337: error: -[MPFormattingScopeMenuTests testSourceInlineActionsKeepTheChosenWordWithSelectionNotifications] : (([self.editor.string substringWithRange:selected]) equal to (@"test")) failed: ("Bonjour **test** après test
/Users/zydon/Sites/MacDown/MacDownTests/MPFormattingScopeMenuTests.m:344: error: -[MPFormattingScopeMenuTests testSourceInlineActionsKeepTheChosenWordWithSelectionNotifications] : (([self.editor.string substringWithRange:self.editor.selectedRange]) equal to (@"test")) failed: ("**Bonjour test après test**
/Users/zydon/Sites/MacDown/MacDownTests/MPFormattingScopeMenuTests.m:337: error: -[MPFormattingScopeMenuTests testSourceInlineActionsKeepTheChosenWordWithSelectionNotifications] : (([self.editor.string substringWithRange:selected]) equal to (@"test")) failed: ("Bonjour *test* après test
/Users/zydon/Sites/MacDown/MacDownTests/MPFormattingScopeMenuTests.m:344: error: -[MPFormattingScopeMenuTests testSourceInlineActionsKeepTheChosenWordWithSelectionNotifications] : (([self.editor.string substringWithRange:self.editor.selectedRange]) equal to (@"test")) failed: ("*Bonjour test après test*
/Users/zydon/Sites/MacDown/MacDownTests/MPFormattingScopeMenuTests.m:337: error: -[MPFormattingScopeMenuTests testSourceInlineActionsKeepTheChosenWordWithSelectionNotifications] : (([self.editor.string substringWithRange:selected]) equal to (@"test")) failed: ("Bonjour _test_ après test
/Users/zydon/Sites/MacDown/MacDownTests/MPFormattingScopeMenuTests.m:344: error: -[MPFormattingScopeMenuTests testSourceInlineActionsKeepTheChosenWordWithSelectionNotifications] : (([self.editor.string substringWithRange:self.editor.selectedRange]) equal to (@"test")) failed: ("_Bonjour test après test_
/Users/zydon/Sites/MacDown/MacDownTests/MPFormattingScopeMenuTests.m:337: error: -[MPFormattingScopeMenuTests testSourceInlineActionsKeepTheChosenWordWithSelectionNotifications] : (([self.editor.string substringWithRange:selected]) equal to (@"test")) failed: ("Bonjour ~~test~~ après test
/Users/zydon/Sites/MacDown/MacDownTests/MPFormattingScopeMenuTests.m:344: error: -[MPFormattingScopeMenuTests testSourceInlineActionsKeepTheChosenWordWithSelectionNotifications] : (([self.editor.string substringWithRange:self.editor.selectedRange]) equal to (@"test")) failed: ("~~Bonjour test après test~~
/Users/zydon/Sites/MacDown/MacDownTests/MPFormattingScopeMenuTests.m:337: error: -[MPFormattingScopeMenuTests testSourceInlineActionsKeepTheChosenWordWithSelectionNotifications] : (([self.editor.string substringWithRange:selected]) equal to (@"test")) failed: ("Bonjour `test` après test
/Users/zydon/Sites/MacDown/MacDownTests/MPFormattingScopeMenuTests.m:344: error: -[MPFormattingScopeMenuTests testSourceInlineActionsKeepTheChosenWordWithSelectionNotifications] : (([self.editor.string substringWithRange:self.editor.selectedRange]) equal to (@"test")) failed: ("`Bonjour test après test`
/Users/zydon/Sites/MacDown/MacDownTests/MPFormattingScopeMenuTests.m:337: error: -[MPFormattingScopeMenuTests testSourceInlineActionsKeepTheChosenWordWithSelectionNotifications] : (([self.editor.string substringWithRange:selected]) equal to (@"test")) failed: ("Bonjour [test](<https://example.org>) après test
/Users/zydon/Sites/MacDown/MacDownTests/MPFormattingScopeMenuTests.m:337: error: -[MPFormattingScopeMenuTests testSourceInlineActionsKeepTheChosenWordWithSelectionNotifications] : (([self.editor.string substringWithRange:selected]) equal to (@"test")) failed: ("Bonjour test après test
Test Case '-[MPFormattingScopeMenuTests testSourceInlineActionsKeepTheChosenWordWithSelectionNotifications]' failed (77.112 seconds).
	 Executed 1 test, with 48 failures (0 unexpected) in 77.112 (77.126) seconds
	 Executed 1 test, with 48 failures (0 unexpected) in 77.112 (77.127) seconds
	 Executed 1 test, with 48 failures (0 unexpected) in 77.112 (77.127) seconds
	/Users/zydon/Sites/MacDown/build/AuditCampaign03/Logs/Test/Test-MacDown-2026.10.10_16-34-44-+0200.xcresult
** TEST FAILED **
RESTORED and preferences verified; vault retained privately
